../Drivers/STM32F0xx_HAL_Driver/Inc/stm32f0xx_ll_rcc.h:1627:22:LL_RCC_PLL_ConfigDomain_SYS	12	static
../Drivers/STM32F0xx_HAL_Driver/Src/stm32f0xx_ll_utils.c:501:17:UTILS_GetPLLOutputFrequency	8	static
../Drivers/STM32F0xx_HAL_Driver/Src/stm32f0xx_ll_utils.c:527:20:UTILS_PLL_IsBusy	0	static
../Drivers/STM32F0xx_HAL_Driver/Src/stm32f0xx_ll_utils.c:141:6:LL_Init1msTick	8	static
../Drivers/STM32F0xx_HAL_Driver/Src/stm32f0xx_ll_utils.c:157:6:LL_mDelay	8	static
../Drivers/STM32F0xx_HAL_Driver/Src/stm32f0xx_ll_utils.c:213:6:LL_SetSystemCoreClock	0	static
../Drivers/STM32F0xx_HAL_Driver/Src/stm32f0xx_ll_utils.c:228:13:LL_SetFlashLatency	0	static
../Drivers/STM32F0xx_HAL_Driver/Src/stm32f0xx_ll_utils.c:550:20:UTILS_EnablePLLAndSwitchSystem	24	static
../Drivers/STM32F0xx_HAL_Driver/Src/stm32f0xx_ll_utils.c:295:13:LL_PLL_ConfigSystemClock_HSI	16	static
../Drivers/STM32F0xx_HAL_Driver/Src/stm32f0xx_ll_utils.c:420:13:LL_PLL_ConfigSystemClock_HSE	24	static
